// Jest Snapshot v1, https://goo.gl/fbAQLP

exports[`DashboardTable display stock information 1`] = `
<div>
  <div
    class="MuiPaper-root MuiTableContainer-root MuiPaper-elevation1 MuiPaper-rounded"
  >
    <table
      aria-label="simple table"
      class="MuiTable-root"
    >
      <thead
        class="MuiTableHead-root"
      >
        <tr
          class="MuiTableRow-root MuiTableRow-head"
        >
          <th
            class="MuiTableCell-root MuiTableCell-head MuiTableCell-alignCenter"
            scope="col"
          >
            stock.name
          </th>
          <th
            class="MuiTableCell-root MuiTableCell-head MuiTableCell-alignCenter"
            scope="col"
          >
            stock.lastPrice
          </th>
          <th
            class="MuiTableCell-root MuiTableCell-head MuiTableCell-alignCenter"
            scope="col"
          >
            stock.7d
          </th>
          <th
            class="MuiTableCell-root MuiTableCell-head MuiTableCell-alignCenter"
            scope="col"
          >
            stock.30d
          </th>
          <th
            class="MuiTableCell-root MuiTableCell-head MuiTableCell-alignCenter"
            scope="col"
          >
            stock.marketCap
          </th>
          <th
            class="MuiTableCell-root MuiTableCell-head MuiTableCell-alignCenter"
            scope="col"
          >
            stock.analystsTarget
          </th>
          <th
            class="MuiTableCell-root MuiTableCell-head MuiTableCell-alignCenter"
            scope="col"
          >
            stock.valuation
          </th>
          <th
            class="MuiTableCell-root MuiTableCell-head MuiTableCell-alignCenter"
            scope="col"
          >
            stock.div
          </th>
          <th
            class="MuiTableCell-root MuiTableCell-head MuiTableCell-alignCenter"
            scope="col"
          >
            stock.industry
          </th>
        </tr>
      </thead>
      <tbody
        class="MuiTableBody-root"
      >
        <tr
          class="MuiTableRow-root makeStyles-row-2"
        >
          <th
            class="MuiTableCell-root MuiTableCell-body MuiTableCell-alignCenter"
            role="cell"
            scope="row"
          >
            <div
              class="MuiListItemText-root MuiListItemText-multiline"
            >
              <p
                class="MuiTypography-root makeStyles-defaultText-4 MuiTypography-body1 MuiTypography-colorPrimary"
              >
                IBM
              </p>
              <p
                class="MuiTypography-root MuiListItemText-secondary MuiTypography-body2 MuiTypography-colorTextSecondary MuiTypography-displayBlock"
              >
                International Business Machines Corporation
              </p>
            </div>
          </th>
          <td
            class="MuiTableCell-root MuiTableCell-body makeStyles-defaultText-4 MuiTableCell-alignCenter"
          >
            <span
              class="makeStyles-styledNumberFormat-6 makeStyles-styledNumberFormat-7"
            >
              175,29 €
            </span>
          </td>
          <td
            class="MuiTableCell-root MuiTableCell-body MuiTableCell-alignCenter"
          >
            <span
              class="makeStyles-styledNumberFormat-6 makeStyles-styledNumberFormat-8"
            >
              1,52 %
            </span>
          </td>
          <td
            class="MuiTableCell-root MuiTableCell-body MuiTableCell-alignCenter"
          >
            <span
              class="makeStyles-styledNumberFormat-6 makeStyles-styledNumberFormat-9"
            >
              0,92 %
            </span>
          </td>
          <td
            class="MuiTableCell-root MuiTableCell-body MuiTableCell-alignCenter"
          >
            <p
              class="MuiTypography-root makeStyles-defaultText-4 MuiTypography-body1 MuiTypography-colorPrimary"
            >
              €114B
            </p>
          </td>
          <td
            class="MuiTableCell-root MuiTableCell-body MuiTableCell-alignCenter"
          >
            <span
              class="makeStyles-styledNumberFormat-6 makeStyles-styledNumberFormat-10"
            >
              137,00 €
            </span>
          </td>
          <td
            class="MuiTableCell-root MuiTableCell-body MuiTableCell-alignCenter"
          >
            <span
              class="makeStyles-euroCurrency-11 makeStyles-euroCurrency-12"
            >
              20.7x
            </span>
          </td>
          <td
            class="MuiTableCell-root MuiTableCell-body MuiTableCell-alignCenter"
          >
            <span
              class="makeStyles-styledNumberFormat-6 makeStyles-styledNumberFormat-13"
            >
              0,05 %
            </span>
          </td>
          <td
            class="MuiTableCell-root MuiTableCell-body MuiTableCell-alignCenter"
          >
            <p
              class="MuiTypography-root makeStyles-defaultText-4 MuiTypography-body1 MuiTypography-colorPrimary"
            >
              Consumer Electronics
            </p>
          </td>
        </tr>
        <tr
          class="MuiTableRow-root makeStyles-row-2"
        >
          <th
            class="MuiTableCell-root MuiTableCell-body MuiTableCell-alignCenter"
            role="cell"
            scope="row"
          >
            <div
              class="MuiListItemText-root MuiListItemText-multiline"
            >
              <p
                class="MuiTypography-root makeStyles-defaultText-4 MuiTypography-body1 MuiTypography-colorPrimary"
              >
                AAPL
              </p>
              <p
                class="MuiTypography-root MuiListItemText-secondary MuiTypography-body2 MuiTypography-colorTextSecondary MuiTypography-displayBlock"
              >
                Apple Inc
              </p>
            </div>
          </th>
          <td
            class="MuiTableCell-root MuiTableCell-body makeStyles-defaultText-4 MuiTableCell-alignCenter"
          >
            <span
              class="makeStyles-styledNumberFormat-6 makeStyles-styledNumberFormat-14"
            >
              252,19 €
            </span>
          </td>
          <td
            class="MuiTableCell-root MuiTableCell-body MuiTableCell-alignCenter"
          >
            <span
              class="makeStyles-styledNumberFormat-6 makeStyles-styledNumberFormat-15"
            >
              1,52 %
            </span>
          </td>
          <td
            class="MuiTableCell-root MuiTableCell-body MuiTableCell-alignCenter"
          >
            <span
              class="makeStyles-styledNumberFormat-6 makeStyles-styledNumberFormat-16"
            >
              0,92 %
            </span>
          </td>
          <td
            class="MuiTableCell-root MuiTableCell-body MuiTableCell-alignCenter"
          >
            <p
              class="MuiTypography-root makeStyles-defaultText-4 MuiTypography-body1 MuiTypography-colorPrimary"
            >
              €173B
            </p>
          </td>
          <td
            class="MuiTableCell-root MuiTableCell-body MuiTableCell-alignCenter"
          >
            <span
              class="makeStyles-styledNumberFormat-6 makeStyles-styledNumberFormat-17"
            >
              290,24 €
            </span>
          </td>
          <td
            class="MuiTableCell-root MuiTableCell-body MuiTableCell-alignCenter"
          >
            <span
              class="makeStyles-euroCurrency-11 makeStyles-euroCurrency-18"
            >
              27.7x
            </span>
          </td>
          <td
            class="MuiTableCell-root MuiTableCell-body MuiTableCell-alignCenter"
          >
            <span
              class="makeStyles-styledNumberFormat-6 makeStyles-styledNumberFormat-19"
            >
              0,12 %
            </span>
          </td>
          <td
            class="MuiTableCell-root MuiTableCell-body MuiTableCell-alignCenter"
          >
            <p
              class="MuiTypography-root makeStyles-defaultText-4 MuiTypography-body1 MuiTypography-colorPrimary"
            >
              Information Technology Services
            </p>
          </td>
        </tr>
      </tbody>
    </table>
  </div>
</div>
`;
