// Jest Snapshot v1, https://goo.gl/fbAQLP

exports[`DashboardTable display stock information 1`] = `
<div>
  <div
    class="infinite-scroll-component__outerdiv"
  >
    <div
      class="infinite-scroll-component "
      style="height: auto; overflow: auto;"
    >
      <div
        class="MuiPaper-root MuiPaper-elevation1 MuiPaper-rounded"
      >
        <div
          class="MuiTableContainer-root makeStyles-customTableContainer-7"
          id="scrollableTable"
        >
          <table
            aria-label="simple table"
            class="MuiTable-root makeStyles-table-5 MuiTable-stickyHeader"
          >
            <thead
              class="MuiTableHead-root"
            >
              <tr
                class="MuiTableRow-root MuiTableRow-head"
              >
                <th
                  aria-sort="ascending"
                  class="MuiTableCell-root makeStyles-customTableHead-8 MuiTableCell-head MuiTableCell-alignCenter MuiTableCell-stickyHeader"
                  scope="col"
                >
                  <span
                    aria-disabled="false"
                    class="MuiButtonBase-root MuiTableSortLabel-root MuiTableSortLabel-active"
                    role="button"
                    tabindex="0"
                  >
                    stock.name
                    <svg
                      aria-hidden="true"
                      class="MuiSvgIcon-root MuiTableSortLabel-icon MuiTableSortLabel-iconDirectionAsc"
                      focusable="false"
                      viewBox="0 0 24 24"
                    >
                      <path
                        d="M20 12l-1.41-1.41L13 16.17V4h-2v12.17l-5.58-5.59L4 12l8 8 8-8z"
                      />
                    </svg>
                  </span>
                </th>
                <th
                  class="MuiTableCell-root makeStyles-customTableHead-8 MuiTableCell-head MuiTableCell-alignCenter MuiTableCell-paddingNone MuiTableCell-stickyHeader"
                  scope="col"
                >
                  <span
                    aria-disabled="false"
                    class="MuiButtonBase-root MuiTableSortLabel-root"
                    role="button"
                    tabindex="0"
                  >
                    stock.lastPrice
                    <svg
                      aria-hidden="true"
                      class="MuiSvgIcon-root MuiTableSortLabel-icon MuiTableSortLabel-iconDirectionAsc"
                      focusable="false"
                      viewBox="0 0 24 24"
                    >
                      <path
                        d="M20 12l-1.41-1.41L13 16.17V4h-2v12.17l-5.58-5.59L4 12l8 8 8-8z"
                      />
                    </svg>
                  </span>
                </th>
                <th
                  class="MuiTableCell-root makeStyles-customTableHead-8 MuiTableCell-head MuiTableCell-alignCenter MuiTableCell-paddingNone MuiTableCell-stickyHeader"
                  scope="col"
                >
                  <span
                    aria-disabled="false"
                    class="MuiButtonBase-root MuiTableSortLabel-root"
                    role="button"
                    tabindex="0"
                  >
                    stock.7d
                    <svg
                      aria-hidden="true"
                      class="MuiSvgIcon-root MuiTableSortLabel-icon MuiTableSortLabel-iconDirectionAsc"
                      focusable="false"
                      viewBox="0 0 24 24"
                    >
                      <path
                        d="M20 12l-1.41-1.41L13 16.17V4h-2v12.17l-5.58-5.59L4 12l8 8 8-8z"
                      />
                    </svg>
                  </span>
                </th>
                <th
                  class="MuiTableCell-root makeStyles-customTableHead-8 MuiTableCell-head MuiTableCell-alignCenter MuiTableCell-paddingNone MuiTableCell-stickyHeader"
                  scope="col"
                >
                  <span
                    aria-disabled="false"
                    class="MuiButtonBase-root MuiTableSortLabel-root"
                    role="button"
                    tabindex="0"
                  >
                    stock.365d
                    <svg
                      aria-hidden="true"
                      class="MuiSvgIcon-root MuiTableSortLabel-icon MuiTableSortLabel-iconDirectionAsc"
                      focusable="false"
                      viewBox="0 0 24 24"
                    >
                      <path
                        d="M20 12l-1.41-1.41L13 16.17V4h-2v12.17l-5.58-5.59L4 12l8 8 8-8z"
                      />
                    </svg>
                  </span>
                </th>
                <th
                  class="MuiTableCell-root makeStyles-customTableHead-8 MuiTableCell-head MuiTableCell-alignCenter MuiTableCell-paddingNone MuiTableCell-stickyHeader"
                  scope="col"
                >
                  <span
                    aria-disabled="false"
                    class="MuiButtonBase-root MuiTableSortLabel-root"
                    role="button"
                    tabindex="0"
                  >
                    stock.marketCap
                    <svg
                      aria-hidden="true"
                      class="MuiSvgIcon-root MuiTableSortLabel-icon MuiTableSortLabel-iconDirectionAsc"
                      focusable="false"
                      viewBox="0 0 24 24"
                    >
                      <path
                        d="M20 12l-1.41-1.41L13 16.17V4h-2v12.17l-5.58-5.59L4 12l8 8 8-8z"
                      />
                    </svg>
                  </span>
                </th>
                <th
                  class="MuiTableCell-root makeStyles-customTableHead-8 MuiTableCell-head MuiTableCell-alignCenter MuiTableCell-paddingNone MuiTableCell-stickyHeader"
                  scope="col"
                >
                  <span
                    aria-disabled="false"
                    class="MuiButtonBase-root MuiTableSortLabel-root"
                    role="button"
                    tabindex="0"
                  >
                    stock.analystsTarget
                    <svg
                      aria-hidden="true"
                      class="MuiSvgIcon-root MuiTableSortLabel-icon MuiTableSortLabel-iconDirectionAsc"
                      focusable="false"
                      viewBox="0 0 24 24"
                    >
                      <path
                        d="M20 12l-1.41-1.41L13 16.17V4h-2v12.17l-5.58-5.59L4 12l8 8 8-8z"
                      />
                    </svg>
                  </span>
                </th>
                <th
                  class="MuiTableCell-root makeStyles-customTableHead-8 MuiTableCell-head MuiTableCell-alignCenter MuiTableCell-stickyHeader"
                  scope="col"
                >
                  <span
                    aria-disabled="false"
                    class="MuiButtonBase-root MuiTableSortLabel-root"
                    role="button"
                    tabindex="0"
                  >
                    stock.valuation
                    <svg
                      aria-hidden="true"
                      class="MuiSvgIcon-root MuiTableSortLabel-icon MuiTableSortLabel-iconDirectionAsc"
                      focusable="false"
                      viewBox="0 0 24 24"
                    >
                      <path
                        d="M20 12l-1.41-1.41L13 16.17V4h-2v12.17l-5.58-5.59L4 12l8 8 8-8z"
                      />
                    </svg>
                  </span>
                </th>
                <th
                  class="MuiTableCell-root makeStyles-customTableHead-8 MuiTableCell-head MuiTableCell-alignCenter MuiTableCell-stickyHeader"
                  scope="col"
                >
                  <span
                    aria-disabled="false"
                    class="MuiButtonBase-root MuiTableSortLabel-root"
                    role="button"
                    tabindex="0"
                  >
                    stock.div
                    <svg
                      aria-hidden="true"
                      class="MuiSvgIcon-root MuiTableSortLabel-icon MuiTableSortLabel-iconDirectionAsc"
                      focusable="false"
                      viewBox="0 0 24 24"
                    >
                      <path
                        d="M20 12l-1.41-1.41L13 16.17V4h-2v12.17l-5.58-5.59L4 12l8 8 8-8z"
                      />
                    </svg>
                  </span>
                </th>
                <th
                  class="MuiTableCell-root makeStyles-customTableHead-8 MuiTableCell-head MuiTableCell-alignCenter MuiTableCell-stickyHeader"
                  scope="col"
                >
                  <span
                    aria-disabled="false"
                    class="MuiButtonBase-root MuiTableSortLabel-root"
                    role="button"
                    tabindex="0"
                  >
                    stock.industry
                    <svg
                      aria-hidden="true"
                      class="MuiSvgIcon-root MuiTableSortLabel-icon MuiTableSortLabel-iconDirectionAsc"
                      focusable="false"
                      viewBox="0 0 24 24"
                    >
                      <path
                        d="M20 12l-1.41-1.41L13 16.17V4h-2v12.17l-5.58-5.59L4 12l8 8 8-8z"
                      />
                    </svg>
                  </span>
                </th>
              </tr>
            </thead>
            <tbody
              class="MuiTableBody-root"
            >
              <tr
                class="MuiTableRow-root makeStyles-row-10"
              >
                <th
                  class="MuiTableCell-root MuiTableCell-body"
                  role="cell"
                  scope="row"
                >
                  <div
                    class="makeStyles-compContainer-17"
                  >
                    <div
                      class="makeStyles-pWrapper-18 makeStyles-pWrapper-33"
                    >
                      <p
                        class="makeStyles-top-15 makeStyles-top-31"
                      >
                        APPLE
                      </p>
                    </div>
                    <div
                      class="makeStyles-pWrapper-18 makeStyles-pWrapper-33"
                    >
                      <p
                        class="makeStyles-bottom-16 makeStyles-bottom-32"
                      >
                        International Business Machines Corporation
                      </p>
                    </div>
                  </div>
                </th>
                <td
                  class="MuiTableCell-root MuiTableCell-body makeStyles-defaultText-12 MuiTableCell-alignCenter"
                >
                  <span
                    class="makeStyles-styledNumberFormat-22 makeStyles-styledNumberFormat-34"
                  >
                    138,16 €
                  </span>
                </td>
                <td
                  class="MuiTableCell-root MuiTableCell-body makeStyles-defaultText-12 MuiTableCell-alignCenter"
                >
                  <span
                    class="makeStyles-styledNumberFormat-22 makeStyles-styledNumberFormat-35"
                  >
                    1,05 %
                  </span>
                </td>
                <td
                  class="MuiTableCell-root MuiTableCell-body makeStyles-defaultText-12 MuiTableCell-alignCenter"
                >
                  <span
                    class="makeStyles-styledNumberFormat-22 makeStyles-styledNumberFormat-36"
                  >
                    1,11 %
                  </span>
                </td>
                <td
                  class="MuiTableCell-root MuiTableCell-body MuiTableCell-alignCenter"
                >
                  <p
                    class="MuiTypography-root makeStyles-defaultText-12 MuiTypography-body1 MuiTypography-colorPrimary"
                  >
                    €
                    119 B
                  </p>
                </td>
                <td
                  class="MuiTableCell-root MuiTableCell-body makeStyles-defaultText-12 MuiTableCell-alignCenter"
                >
                  <span
                    class="makeStyles-styledNumberFormat-22 makeStyles-styledNumberFormat-37"
                  >
                    139,18 €
                  </span>
                </td>
                <td
                  class="MuiTableCell-root MuiTableCell-body makeStyles-defaultText-12 MuiTableCell-alignCenter"
                >
                  <span
                    class="makeStyles-euroCurrency-28 makeStyles-euroCurrency-38"
                  >
                    21.4x
                  </span>
                </td>
                <td
                  class="MuiTableCell-root MuiTableCell-body makeStyles-defaultText-12 MuiTableCell-alignCenter"
                >
                  <span
                    class="makeStyles-styledNumberFormat-22 makeStyles-styledNumberFormat-39"
                  >
                    6,51 %
                  </span>
                </td>
                <td
                  class="MuiTableCell-root MuiTableCell-body MuiTableCell-alignCenter"
                >
                  <p
                    class="MuiTypography-root makeStyles-highlightText-13 MuiTypography-body1 MuiTypography-colorPrimary"
                  >
                    Information Technology Services
                  </p>
                </td>
              </tr>
              <tr
                class="MuiTableRow-root makeStyles-row-10"
              >
                <th
                  class="MuiTableCell-root MuiTableCell-body"
                  role="cell"
                  scope="row"
                >
                  <div
                    class="makeStyles-compContainer-17"
                  >
                    <div
                      class="makeStyles-pWrapper-18 makeStyles-pWrapper-21"
                    >
                      <p
                        class="makeStyles-top-15 makeStyles-top-19"
                      >
                        IBM
                      </p>
                    </div>
                    <div
                      class="makeStyles-pWrapper-18 makeStyles-pWrapper-21"
                    >
                      <p
                        class="makeStyles-bottom-16 makeStyles-bottom-20"
                      >
                        International Business Machines Corporation
                      </p>
                    </div>
                  </div>
                </th>
                <td
                  class="MuiTableCell-root MuiTableCell-body makeStyles-defaultText-12 MuiTableCell-alignCenter"
                >
                  <span
                    class="makeStyles-styledNumberFormat-22 makeStyles-styledNumberFormat-24"
                  >
                    138,16 €
                  </span>
                </td>
                <td
                  class="MuiTableCell-root MuiTableCell-body makeStyles-defaultText-12 MuiTableCell-alignCenter"
                >
                  <span
                    class="makeStyles-styledNumberFormat-22 makeStyles-styledNumberFormat-25"
                  >
                    1,05 %
                  </span>
                </td>
                <td
                  class="MuiTableCell-root MuiTableCell-body makeStyles-defaultText-12 MuiTableCell-alignCenter"
                >
                  <span
                    class="makeStyles-styledNumberFormat-22 makeStyles-styledNumberFormat-26"
                  >
                    1,11 %
                  </span>
                </td>
                <td
                  class="MuiTableCell-root MuiTableCell-body MuiTableCell-alignCenter"
                >
                  <p
                    class="MuiTypography-root makeStyles-defaultText-12 MuiTypography-body1 MuiTypography-colorPrimary"
                  >
                    €
                    119 B
                  </p>
                </td>
                <td
                  class="MuiTableCell-root MuiTableCell-body makeStyles-defaultText-12 MuiTableCell-alignCenter"
                >
                  <span
                    class="makeStyles-styledNumberFormat-22 makeStyles-styledNumberFormat-27"
                  >
                    139,18 €
                  </span>
                </td>
                <td
                  class="MuiTableCell-root MuiTableCell-body makeStyles-defaultText-12 MuiTableCell-alignCenter"
                >
                  <span
                    class="makeStyles-euroCurrency-28 makeStyles-euroCurrency-29"
                  >
                    21.4x
                  </span>
                </td>
                <td
                  class="MuiTableCell-root MuiTableCell-body makeStyles-defaultText-12 MuiTableCell-alignCenter"
                >
                  <span
                    class="makeStyles-styledNumberFormat-22 makeStyles-styledNumberFormat-30"
                  >
                    6,51 %
                  </span>
                </td>
                <td
                  class="MuiTableCell-root MuiTableCell-body MuiTableCell-alignCenter"
                >
                  <p
                    class="MuiTypography-root makeStyles-highlightText-13 MuiTypography-body1 MuiTypography-colorPrimary"
                  >
                    Information Technology Services
                  </p>
                </td>
              </tr>
              <p
                class="MuiTypography-root makeStyles-loading-6 MuiTypography-body1"
              >
                <div
                  class="MuiCircularProgress-root MuiCircularProgress-colorPrimary MuiCircularProgress-indeterminate"
                  role="progressbar"
                  style="width: 40px; height: 40px;"
                >
                  <svg
                    class="MuiCircularProgress-svg"
                    viewBox="22 22 44 44"
                  >
                    <circle
                      class="MuiCircularProgress-circle MuiCircularProgress-circleIndeterminate"
                      cx="44"
                      cy="44"
                      fill="none"
                      r="20.2"
                      stroke-width="3.6"
                    />
                  </svg>
                </div>
              </p>
            </tbody>
          </table>
        </div>
      </div>
    </div>
  </div>
</div>
`;
