// Jest Snapshot v1, https://goo.gl/fbAQLP

exports[`Imprint should render imprint page 1`] = `
<div>
  <div
    class="MuiContainer-root MuiContainer-maxWidthMd"
  >
    <div
      class="MuiBox-root MuiBox-root-1"
    >
      <h3
        class="MuiTypography-root MuiTypography-h3 MuiTypography-gutterBottom"
      >
        Imprint
      </h3>
      <p
        class="MuiTypography-root MuiTypography-body1"
      >
        Lorem ipsum dolor sit amet, consetetur sadipscing elitr, sed diam nonumy eirmod tempor invidunt ut labore et dolore magna aliquyam erat, sed diam voluptua. At vero eos et accusam et justo duo dolores et ea rebum. Stet clita kasd gubergren, no sea takimata sanctus est Lorem ipsum dolor sit amet. Lorem ipsum dolor sit amet, consetetur sadipscing elitr, sed diam nonumy eirmod tempor invidunt ut labore et dolore magna aliquyam erat, sed diam voluptua. At vero eos et accusam et justo duo dolores et ea rebum. Stet clita kasd gubergren, no sea takimata sanctus est Lorem ipsum dolor sit amet.
      </p>
    </div>
  </div>
</div>
`;
