// Jest Snapshot v1, https://goo.gl/fbAQLP

exports[`DashboardTable display portfolio information 1`] = `
<div>
  <div
    class="MuiPaper-root MuiTableContainer-root MuiPaper-elevation1 MuiPaper-rounded"
  >
    <table
      class="MuiTable-root"
    >
      <thead
        class="MuiTableHead-root"
      >
        <tr
          class="MuiTableRow-root MuiTableRow-head"
        >
          <th
            aria-sort="descending"
            class="MuiTableCell-root MuiTableCell-head MuiTableCell-alignCenter"
            scope="col"
          >
            <span
              aria-disabled="false"
              class="MuiButtonBase-root MuiTableSortLabel-root MuiTableSortLabel-active"
              role="button"
              tabindex="0"
            >
              portfolio.score
              <svg
                aria-hidden="true"
                class="MuiSvgIcon-root MuiTableSortLabel-icon MuiTableSortLabel-iconDirectionDesc"
                focusable="false"
                viewBox="0 0 24 24"
              >
                <path
                  d="M20 12l-1.41-1.41L13 16.17V4h-2v12.17l-5.58-5.59L4 12l8 8 8-8z"
                />
              </svg>
            </span>
          </th>
          <th
            class="MuiTableCell-root MuiTableCell-head MuiTableCell-alignCenter"
            scope="col"
          >
            <span
              aria-disabled="false"
              class="MuiButtonBase-root MuiTableSortLabel-root"
              role="button"
              tabindex="0"
            >
              portfolio.name
              <svg
                aria-hidden="true"
                class="MuiSvgIcon-root MuiTableSortLabel-icon MuiTableSortLabel-iconDirectionAsc"
                focusable="false"
                viewBox="0 0 24 24"
              >
                <path
                  d="M20 12l-1.41-1.41L13 16.17V4h-2v12.17l-5.58-5.59L4 12l8 8 8-8z"
                />
              </svg>
            </span>
          </th>
          <th
            class="MuiTableCell-root MuiTableCell-head MuiTableCell-alignCenter"
            scope="col"
          >
            <span
              aria-disabled="false"
              class="MuiButtonBase-root MuiTableSortLabel-root"
              role="button"
              tabindex="0"
            >
              portfolio.positionsCount
              <svg
                aria-hidden="true"
                class="MuiSvgIcon-root MuiTableSortLabel-icon MuiTableSortLabel-iconDirectionAsc"
                focusable="false"
                viewBox="0 0 24 24"
              >
                <path
                  d="M20 12l-1.41-1.41L13 16.17V4h-2v12.17l-5.58-5.59L4 12l8 8 8-8z"
                />
              </svg>
            </span>
          </th>
          <th
            class="MuiTableCell-root MuiTableCell-head MuiTableCell-alignCenter"
            scope="col"
          >
            <span
              aria-disabled="false"
              class="MuiButtonBase-root MuiTableSortLabel-root"
              role="button"
              tabindex="0"
            >
              portfolio.value
              <svg
                aria-hidden="true"
                class="MuiSvgIcon-root MuiTableSortLabel-icon MuiTableSortLabel-iconDirectionAsc"
                focusable="false"
                viewBox="0 0 24 24"
              >
                <path
                  d="M20 12l-1.41-1.41L13 16.17V4h-2v12.17l-5.58-5.59L4 12l8 8 8-8z"
                />
              </svg>
            </span>
          </th>
          <th
            class="MuiTableCell-root MuiTableCell-head MuiTableCell-alignCenter"
            scope="col"
          >
            <span
              aria-disabled="false"
              class="MuiButtonBase-root MuiTableSortLabel-root"
              role="button"
              tabindex="0"
            >
              portfolio.7d
              <svg
                aria-hidden="true"
                class="MuiSvgIcon-root MuiTableSortLabel-icon MuiTableSortLabel-iconDirectionAsc"
                focusable="false"
                viewBox="0 0 24 24"
              >
                <path
                  d="M20 12l-1.41-1.41L13 16.17V4h-2v12.17l-5.58-5.59L4 12l8 8 8-8z"
                />
              </svg>
            </span>
          </th>
          <th
            class="MuiTableCell-root MuiTableCell-head MuiTableCell-alignCenter"
            scope="col"
          >
            <span
              aria-disabled="false"
              class="MuiButtonBase-root MuiTableSortLabel-root"
              role="button"
              tabindex="0"
            >
              portfolio.1y
              <svg
                aria-hidden="true"
                class="MuiSvgIcon-root MuiTableSortLabel-icon MuiTableSortLabel-iconDirectionAsc"
                focusable="false"
                viewBox="0 0 24 24"
              >
                <path
                  d="M20 12l-1.41-1.41L13 16.17V4h-2v12.17l-5.58-5.59L4 12l8 8 8-8z"
                />
              </svg>
            </span>
          </th>
          <th
            class="MuiTableCell-root MuiTableCell-head MuiTableCell-alignCenter"
            scope="col"
          >
            portfolio.actions
          </th>
        </tr>
      </thead>
      <tbody
        class="MuiTableBody-root"
      >
        <tr
          class="MuiTableRow-root makeStyles-row-8"
        >
          <td
            class="MuiTableCell-root MuiTableCell-body MuiTableCell-alignCenter"
          >
            <div
              class="makeStyles-box-13 makeStyles-darkRed-17"
            >
              <p
                class="MuiTypography-root makeStyles-title-14 MuiTypography-body1"
              >
                1
              </p>
            </div>
          </td>
          <th
            class="MuiTableCell-root MuiTableCell-body MuiTableCell-alignCenter"
            role="cell"
            scope="row"
          >
            <div
              class="MuiListItemText-root MuiListItemText-multiline"
            >
              <p
                class="MuiTypography-root MuiTypography-body1 MuiTypography-colorPrimary"
              >
                test
              </p>
              <p
                class="MuiTypography-root MuiListItemText-secondary MuiTypography-body2 MuiTypography-colorTextSecondary MuiTypography-displayBlock"
              >
                portfolio.virtual
              </p>
            </div>
          </th>
          <td
            class="MuiTableCell-root MuiTableCell-body makeStyles-positionCount-10 MuiTableCell-alignCenter"
          >
            3
          </td>
          <td
            class="MuiTableCell-root MuiTableCell-body MuiTableCell-alignCenter"
          >
            <span
              class="makeStyles-styledNumberFormat-22 makeStyles-styledNumberFormat-23"
            >
              9,00 €
            </span>
          </td>
          <td
            class="MuiTableCell-root MuiTableCell-body MuiTableCell-alignCenter"
          >
            <span
              class="makeStyles-styledNumberFormat-22 makeStyles-styledNumberFormat-24"
            >
              -1,23 %
            </span>
          </td>
          <td
            class="MuiTableCell-root MuiTableCell-body MuiTableCell-alignCenter"
          >
            <span
              class="makeStyles-styledNumberFormat-22 makeStyles-styledNumberFormat-25"
            >
              13,37 %
            </span>
          </td>
          <td
            class="MuiTableCell-root MuiTableCell-body MuiTableCell-alignCenter"
          >
            <div
              class="makeStyles-action-26"
              title="portfolio.rename"
            >
              <button
                class="MuiButtonBase-root MuiIconButton-root"
                tabindex="0"
                type="button"
              >
                <span
                  class="MuiIconButton-label"
                >
                  <svg
                    aria-hidden="true"
                    class="MuiSvgIcon-root"
                    focusable="false"
                    viewBox="0 0 24 24"
                  >
                    <path
                      d="M3 17.25V21h3.75L17.81 9.94l-3.75-3.75L3 17.25zM20.71 7.04c.39-.39.39-1.02 0-1.41l-2.34-2.34a.9959.9959 0 00-1.41 0l-1.83 1.83 3.75 3.75 1.83-1.83z"
                    />
                  </svg>
                </span>
                <span
                  class="MuiTouchRipple-root"
                />
              </button>
            </div>
            <div
              class="makeStyles-action-26"
              title="portfolio.duplicate"
            >
              <button
                class="MuiButtonBase-root MuiIconButton-root"
                tabindex="0"
                type="button"
              >
                <span
                  class="MuiIconButton-label"
                >
                  <svg
                    aria-hidden="true"
                    class="MuiSvgIcon-root"
                    focusable="false"
                    viewBox="0 0 24 24"
                  >
                    <path
                      d="M4 6H2v14c0 1.1.9 2 2 2h14v-2H4V6zm16-4H8c-1.1 0-2 .9-2 2v12c0 1.1.9 2 2 2h12c1.1 0 2-.9 2-2V4c0-1.1-.9-2-2-2zm-1 9h-4v4h-2v-4H9V9h4V5h2v4h4v2z"
                    />
                  </svg>
                </span>
                <span
                  class="MuiTouchRipple-root"
                />
              </button>
            </div>
            <div
              class="makeStyles-action-26"
              title="portfolio.delete"
            >
              <button
                class="MuiButtonBase-root MuiIconButton-root"
                tabindex="0"
                type="button"
              >
                <span
                  class="MuiIconButton-label"
                >
                  <svg
                    aria-hidden="true"
                    class="MuiSvgIcon-root"
                    focusable="false"
                    viewBox="0 0 24 24"
                  >
                    <path
                      d="M6 19c0 1.1.9 2 2 2h8c1.1 0 2-.9 2-2V7H6v12zm2.46-7.12l1.41-1.41L12 12.59l2.12-2.12 1.41 1.41L13.41 14l2.12 2.12-1.41 1.41L12 15.41l-2.12 2.12-1.41-1.41L10.59 14l-2.13-2.12zM15.5 4l-1-1h-5l-1 1H5v2h14V4z"
                    />
                  </svg>
                </span>
                <span
                  class="MuiTouchRipple-root"
                />
              </button>
            </div>
          </td>
        </tr>
        <tr
          class="MuiTableRow-root makeStyles-row-8"
        >
          <td
            class="MuiTableCell-root MuiTableCell-body MuiTableCell-alignCenter"
          >
            <div
              class="makeStyles-box-13 makeStyles-darkRed-17"
            >
              <p
                class="MuiTypography-root makeStyles-title-14 MuiTypography-body1"
              >
                0.6
              </p>
            </div>
          </td>
          <th
            class="MuiTableCell-root MuiTableCell-body MuiTableCell-alignCenter"
            role="cell"
            scope="row"
          >
            <div
              class="MuiListItemText-root MuiListItemText-multiline"
            >
              <p
                class="MuiTypography-root MuiTypography-body1 MuiTypography-colorPrimary"
              >
                testTwo
              </p>
              <p
                class="MuiTypography-root MuiListItemText-secondary MuiTypography-body2 MuiTypography-colorSecondary MuiTypography-displayBlock"
              >
                portfolio.real
              </p>
            </div>
          </th>
          <td
            class="MuiTableCell-root MuiTableCell-body makeStyles-positionCount-10 MuiTableCell-alignCenter"
          >
            4
          </td>
          <td
            class="MuiTableCell-root MuiTableCell-body MuiTableCell-alignCenter"
          >
            <span
              class="makeStyles-styledNumberFormat-22 makeStyles-styledNumberFormat-28"
            >
              174,98 €
            </span>
          </td>
          <td
            class="MuiTableCell-root MuiTableCell-body MuiTableCell-alignCenter"
          >
            <span
              class="makeStyles-styledNumberFormat-22 makeStyles-styledNumberFormat-29"
            >
              0,00 %
            </span>
          </td>
          <td
            class="MuiTableCell-root MuiTableCell-body MuiTableCell-alignCenter"
          >
            <span
              class="makeStyles-styledNumberFormat-22 makeStyles-styledNumberFormat-30"
            >
              -1,00 %
            </span>
          </td>
          <td
            class="MuiTableCell-root MuiTableCell-body MuiTableCell-alignCenter"
          >
            <div
              class="makeStyles-action-26"
              title="portfolio.rename"
            >
              <button
                class="MuiButtonBase-root MuiIconButton-root"
                tabindex="0"
                type="button"
              >
                <span
                  class="MuiIconButton-label"
                >
                  <svg
                    aria-hidden="true"
                    class="MuiSvgIcon-root"
                    focusable="false"
                    viewBox="0 0 24 24"
                  >
                    <path
                      d="M3 17.25V21h3.75L17.81 9.94l-3.75-3.75L3 17.25zM20.71 7.04c.39-.39.39-1.02 0-1.41l-2.34-2.34a.9959.9959 0 00-1.41 0l-1.83 1.83 3.75 3.75 1.83-1.83z"
                    />
                  </svg>
                </span>
                <span
                  class="MuiTouchRipple-root"
                />
              </button>
            </div>
            <div
              class="makeStyles-action-26"
              title="portfolio.duplicate"
            >
              <button
                class="MuiButtonBase-root MuiIconButton-root"
                tabindex="0"
                type="button"
              >
                <span
                  class="MuiIconButton-label"
                >
                  <svg
                    aria-hidden="true"
                    class="MuiSvgIcon-root"
                    focusable="false"
                    viewBox="0 0 24 24"
                  >
                    <path
                      d="M4 6H2v14c0 1.1.9 2 2 2h14v-2H4V6zm16-4H8c-1.1 0-2 .9-2 2v12c0 1.1.9 2 2 2h12c1.1 0 2-.9 2-2V4c0-1.1-.9-2-2-2zm-1 9h-4v4h-2v-4H9V9h4V5h2v4h4v2z"
                    />
                  </svg>
                </span>
                <span
                  class="MuiTouchRipple-root"
                />
              </button>
            </div>
            <div
              class="makeStyles-action-26 makeStyles-disabled-27"
              title="portfolio.deleteReal"
            >
              <button
                class="MuiButtonBase-root MuiIconButton-root Mui-disabled Mui-disabled"
                disabled=""
                tabindex="-1"
                type="button"
              >
                <span
                  class="MuiIconButton-label"
                >
                  <svg
                    aria-hidden="true"
                    class="MuiSvgIcon-root"
                    focusable="false"
                    viewBox="0 0 24 24"
                  >
                    <path
                      d="M6 19c0 1.1.9 2 2 2h8c1.1 0 2-.9 2-2V7H6v12zm2.46-7.12l1.41-1.41L12 12.59l2.12-2.12 1.41 1.41L13.41 14l2.12 2.12-1.41 1.41L12 15.41l-2.12 2.12-1.41-1.41L10.59 14l-2.13-2.12zM15.5 4l-1-1h-5l-1 1H5v2h14V4z"
                    />
                  </svg>
                </span>
              </button>
            </div>
          </td>
        </tr>
      </tbody>
    </table>
  </div>
  <div
    class="makeStyles-buttons-12"
  >
    <button
      class="MuiButtonBase-root MuiButton-root MuiButton-outlined MuiButton-outlinedPrimary"
      tabindex="0"
      type="button"
    >
      <span
        class="MuiButton-label"
      >
        portfolio.dashboard.createPortfolio
      </span>
      <span
        class="MuiTouchRipple-root"
      />
    </button>
    <button
      class="MuiButtonBase-root MuiButton-root MuiButton-outlined MuiButton-outlinedSecondary"
      tabindex="0"
      type="button"
    >
      <span
        class="MuiButton-label"
      >
        portfolio.dashboard.importPortfolio
      </span>
      <span
        class="MuiTouchRipple-root"
      />
    </button>
  </div>
</div>
`;
