// Jest Snapshot v1, https://goo.gl/fbAQLP

exports[`ProgressButton render the button and handle click 1`] = `
<div>
  <div
    class="makeStyles-root-1"
  >
    <div
      class="makeStyles-wrapper-2"
    >
      <button
        class="MuiButtonBase-root MuiButton-root MuiButton-text"
        tabindex="0"
        type="button"
      >
        <span
          class="MuiButton-label"
        >
          Button
        </span>
        <span
          class="MuiTouchRipple-root"
        />
      </button>
    </div>
  </div>
</div>
`;

exports[`ProgressButton render the loading button 1`] = `
<div>
  <div
    class="makeStyles-root-4"
  >
    <div
      class="makeStyles-wrapper-5"
    >
      <button
        class="MuiButtonBase-root MuiButton-root MuiButton-text Mui-disabled Mui-disabled"
        disabled=""
        tabindex="-1"
        type="button"
      >
        <span
          class="MuiButton-label"
        >
          Button
        </span>
      </button>
      <div
        class="MuiCircularProgress-root makeStyles-buttonProgress-6 MuiCircularProgress-colorPrimary MuiCircularProgress-indeterminate"
        role="progressbar"
        style="width: 24px; height: 24px;"
      >
        <svg
          class="MuiCircularProgress-svg"
          viewBox="22 22 44 44"
        >
          <circle
            class="MuiCircularProgress-circle MuiCircularProgress-circleIndeterminate"
            cx="44"
            cy="44"
            fill="none"
            r="20.2"
            stroke-width="3.6"
          />
        </svg>
      </div>
    </div>
  </div>
</div>
`;
